2026/01/26 17:31:08.084 => CloseSerial: mSerialFile=0xffffffff
2026/01/26 17:31:08.084 => Prepare Open Serial: Com=\\.\COM7 BaudRate=115200
2026/01/26 17:31:08.084 => Open \\.\COM7 failed:5
2026/01/26 17:31:08.084 => OpenSerial: Com=\\.\COM7 BaudRate=115200, Success=0, mSerialFile=0xffffffff
2026/01/26 17:31:08.084 => CloseSerial: mSerialFile=0xffffffff
2026/01/26 17:31:13.315 => CloseSerial: mSerialFile=0xffffffff
2026/01/26 17:31:13.315 => Prepare Open Serial: Com=\\.\COM7 BaudRate=115200
2026/01/26 17:31:13.332 => OpenSerial: Com=\\.\COM7 BaudRate=115200, Success=1, mSerialFile=0x00000708
2026/01/26 17:31:15.332 => CRadarProtocolDevice::OpenCmdMode: CMDID(0x00FF) failed with:A001
2026/01/26 17:31:17.491 => CRadarProtocolDevice::OpenCmdMode: CMDID(0x00FF) failed with:A001
2026/01/26 17:31:19.492 => CRadarProtocolDevice::OpenCmdMode: CMDID(0x00FF) failed with:A001
2026/01/26 17:31:21.492 => CRadarProtocolDevice::OpenCmdMode: CMDID(0x00FF) failed with:A001
2026/01/26 17:31:23.493 => CRadarProtocolDevice::OpenCmdMode: CMDID(0x00FF) failed with:A001
2026/01/26 17:31:23.493 => Cancel Read Data
2026/01/26 17:31:23.493 => CloseSerial: mSerialFile=0x00000708
2026/01/26 17:36:55.288 => Stop Realtime data show.
2026/01/26 17:36:55.291 => Stop Noise scan.
2026/01/26 17:36:55.294 => Cancel Read Data
2026/01/26 17:36:55.294 => CloseSerial: mSerialFile=0xffffffff
2026/01/26 17:36:55.294 => CloseSerial: mSerialFile=0xffffffff
