2026/01/27 12:53:03.659 => CloseSerial: mSerialFile=0xffffffff
2026/01/27 12:53:03.659 => Prepare Open Serial: Com=\\.\COM7 BaudRate=115200
2026/01/27 12:53:03.665 => OpenSerial: Com=\\.\COM7 BaudRate=115200, Success=1, mSerialFile=0x000006c8
2026/01/27 12:53:03.679 => protocol version = 0, send_recv buffer size = 64
2026/01/27 12:53:03.855 => protocol version = 0, send_recv buffer size = 64
2026/01/27 12:53:03.871 => ReadVersion Return: v1.772.258_0.0
2026/01/27 12:53:03.887 => CRadarProtocolDevice::ReadSerialNumber: CMDID(0x0011) failed with:0001
2026/01/27 12:53:03.903 => CRadarProtocolDevice::GetParameter: CMDID(0x0008) failed with:A004
2026/01/27 12:53:03.903 => ReadSetting_RadarOperatorConfig, result: Failed.
2026/01/27 12:53:05.416 => Start Realtime data show.
2026/01/27 12:53:05.417 => thread create success, thread handle=0x000006e8, id=30048, name=ReadData
2026/01/27 12:53:05.417 => thread information, name=ReadData, tid=30048(0x00007560)
2026/01/27 12:53:05.434 => protocol version = 0, send_recv buffer size = 64
2026/01/27 12:53:05.609 => protocol version = 0, send_recv buffer size = 64
2026/01/27 12:53:24.388 => prepare exit thread..., name=ReadData, tid=30048(0x00007560)
2026/01/27 12:53:25.683 => WriteOnePacket write 0 bytes, total need write 14, has write 0
2026/01/27 12:53:25.839 => WriteOnePacket write 0 bytes, total need write 14, has write 0
2026/01/27 12:53:25.839 => WriteOnePacket write 0 bytes, total need write 14, has write 0
2026/01/27 12:53:25.839 => WriteOnePacket write 0 bytes, total need write 14, has write 0
2026/01/27 12:53:25.839 => WriteOnePacket write 0 bytes, total need write 14, has write 0
2026/01/27 12:53:25.839 => WriteOnePacket write 0 bytes, total need write 18, has write 0
2026/01/27 12:53:25.839 => WriteOnePacket write 0 bytes, total need write 12, has write 0
2026/01/27 12:53:25.839 => thread exit, name=ReadData, tid=30048(0x00007560)
2026/01/27 12:53:25.839 => thread exit over, name=ReadData, tid=30048(0x00007560)
2026/01/27 12:53:25.842 => Stop Realtime data show.
2026/01/27 12:53:25.844 => Start Realtime data show.
2026/01/27 12:53:25.844 => thread create success, thread handle=0x00000794, id=34500, name=ReadData
2026/01/27 12:53:25.844 => thread information, name=ReadData, tid=34500(0x000086c4)
2026/01/27 12:53:25.844 => WriteOnePacket write 0 bytes, total need write 14, has write 0
2026/01/27 12:53:25.848 => prepare exit thread..., name=ReadData, tid=34500(0x000086c4)
2026/01/27 12:53:26.004 => WriteOnePacket write 0 bytes, total need write 14, has write 0
2026/01/27 12:53:26.004 => WriteOnePacket write 0 bytes, total need write 14, has write 0
2026/01/27 12:53:26.004 => WriteOnePacket write 0 bytes, total need write 14, has write 0
2026/01/27 12:53:26.004 => WriteOnePacket write 0 bytes, total need write 14, has write 0
2026/01/27 12:53:26.004 => WriteOnePacket write 0 bytes, total need write 18, has write 0
2026/01/27 12:53:26.004 => WriteOnePacket write 0 bytes, total need write 12, has write 0
2026/01/27 12:53:26.004 => WriteOnePacket write 0 bytes, total need write 14, has write 0
2026/01/27 12:53:26.161 => WriteOnePacket write 0 bytes, total need write 14, has write 0
2026/01/27 12:53:26.161 => WriteOnePacket write 0 bytes, total need write 14, has write 0
2026/01/27 12:53:26.161 => WriteOnePacket write 0 bytes, total need write 14, has write 0
2026/01/27 12:53:26.161 => WriteOnePacket write 0 bytes, total need write 14, has write 0
2026/01/27 12:53:26.161 => WriteOnePacket write 0 bytes, total need write 18, has write 0
2026/01/27 12:53:26.161 => WriteOnePacket write 0 bytes, total need write 12, has write 0
2026/01/27 12:53:26.161 => thread exit, name=ReadData, tid=34500(0x000086c4)
2026/01/27 12:53:26.161 => thread exit over, name=ReadData, tid=34500(0x000086c4)
2026/01/27 12:53:26.165 => Stop Realtime data show.
2026/01/27 12:53:27.776 => Start Realtime data show.
2026/01/27 12:53:27.776 => thread create success, thread handle=0x00000794, id=3672, name=ReadData
2026/01/27 12:53:27.776 => thread information, name=ReadData, tid=3672(0x00000e58)
2026/01/27 12:53:27.776 => WriteOnePacket write 0 bytes, total need write 14, has write 0
2026/01/27 12:53:27.929 => WriteOnePacket write 0 bytes, total need write 14, has write 0
2026/01/27 12:53:27.929 => WriteOnePacket write 0 bytes, total need write 14, has write 0
2026/01/27 12:53:27.929 => WriteOnePacket write 0 bytes, total need write 14, has write 0
2026/01/27 12:53:27.929 => WriteOnePacket write 0 bytes, total need write 14, has write 0
2026/01/27 12:53:27.929 => WriteOnePacket write 0 bytes, total need write 18, has write 0
2026/01/27 12:53:27.929 => WriteOnePacket write 0 bytes, total need write 12, has write 0
2026/01/27 12:53:28.653 => prepare exit thread..., name=ReadData, tid=3672(0x00000e58)
2026/01/27 12:53:29.929 => WriteOnePacket write 0 bytes, total need write 14, has write 0
2026/01/27 12:53:30.084 => WriteOnePacket write 0 bytes, total need write 14, has write 0
2026/01/27 12:53:30.084 => WriteOnePacket write 0 bytes, total need write 14, has write 0
2026/01/27 12:53:30.084 => WriteOnePacket write 0 bytes, total need write 14, has write 0
2026/01/27 12:53:30.084 => WriteOnePacket write 0 bytes, total need write 14, has write 0
2026/01/27 12:53:30.084 => WriteOnePacket write 0 bytes, total need write 18, has write 0
2026/01/27 12:53:30.084 => WriteOnePacket write 0 bytes, total need write 12, has write 0
2026/01/27 12:53:30.084 => thread exit, name=ReadData, tid=3672(0x00000e58)
2026/01/27 12:53:30.085 => thread exit over, name=ReadData, tid=3672(0x00000e58)
2026/01/27 12:53:30.092 => Stop Realtime data show.
2026/01/27 12:53:30.098 => Stop Noise scan.
2026/01/27 12:53:30.099 => WriteOnePacket write 0 bytes, total need write 14, has write 0
2026/01/27 12:53:30.255 => WriteOnePacket write 0 bytes, total need write 14, has write 0
2026/01/27 12:53:30.255 => WriteOnePacket write 0 bytes, total need write 14, has write 0
2026/01/27 12:53:30.255 => WriteOnePacket write 0 bytes, total need write 14, has write 0
2026/01/27 12:53:30.255 => WriteOnePacket write 0 bytes, total need write 14, has write 0
2026/01/27 12:53:30.255 => WriteOnePacket write 0 bytes, total need write 18, has write 0
2026/01/27 12:53:30.255 => WriteOnePacket write 0 bytes, total need write 12, has write 0
2026/01/27 12:53:30.255 => Cancel Read Data
2026/01/27 12:53:30.255 => CloseSerial: mSerialFile=0x000006c8
2026/01/27 12:53:31.546 => thread create success, thread handle=0x00000768, id=11452, name=Download
2026/01/27 12:53:31.546 => thread information, name=Download, tid=11452(0x00002cbc)
2026/01/27 12:53:31.547 => CloseSerial: mSerialFile=0xffffffff
2026/01/27 12:53:31.547 => Prepare Open Serial: Com=\\.\COM7 BaudRate=115200
2026/01/27 12:53:31.557 => OpenSerial: Com=\\.\COM7 BaudRate=115200, Success=1, mSerialFile=0x000006c8
2026/01/27 12:53:31.572 => protocol version = 0, send_recv buffer size = 64
2026/01/27 12:53:31.636 => protocol version = 0, send_recv buffer size = 64
2026/01/27 12:53:31.683 => Cancel Read Data
2026/01/27 12:53:31.684 => CloseSerial: mSerialFile=0x000006c8
2026/01/27 12:53:31.802 => thread exit, name=Download, tid=11452(0x00002cbc)
2026/01/27 12:53:38.624 => thread create success, thread handle=0x00000768, id=12588, name=Download
2026/01/27 12:53:38.624 => thread information, name=Download, tid=12588(0x0000312c)
2026/01/27 12:53:38.625 => CloseSerial: mSerialFile=0xffffffff
2026/01/27 12:53:38.625 => Prepare Open Serial: Com=\\.\COM7 BaudRate=115200
2026/01/27 12:53:38.643 => OpenSerial: Com=\\.\COM7 BaudRate=115200, Success=1, mSerialFile=0x00000798
2026/01/27 12:53:38.657 => CRadarProtocolDevice::SendCommand: CMDID(0x0072) failed with:0001
2026/01/27 12:53:38.658 => Cancel Read Data
2026/01/27 12:53:38.658 => CloseSerial: mSerialFile=0x00000798
2026/01/27 12:53:38.775 => thread exit, name=Download, tid=12588(0x0000312c)
2026/01/27 13:09:19.942 => Stop Realtime data show.
2026/01/27 13:09:19.944 => Stop Noise scan.
2026/01/27 13:09:19.945 => Cancel Read Data
2026/01/27 13:09:19.945 => CloseSerial: mSerialFile=0xffffffff
2026/01/27 13:09:19.945 => CloseSerial: mSerialFile=0xffffffff
