2026/01/27 12:50:43.533 => CloseSerial: mSerialFile=0xffffffff
2026/01/27 12:50:43.533 => Prepare Open Serial: Com=\\.\COM7 BaudRate=115200
2026/01/27 12:50:43.538 => OpenSerial: Com=\\.\COM7 BaudRate=115200, Success=1, mSerialFile=0x000006ec
2026/01/27 12:50:43.553 => protocol version = 0, send_recv buffer size = 64
2026/01/27 12:50:43.712 => protocol version = 0, send_recv buffer size = 64
2026/01/27 12:50:43.728 => ReadVersion Return: v1.772.258_0.0
2026/01/27 12:50:43.744 => CRadarProtocolDevice::ReadSerialNumber: CMDID(0x0011) failed with:0001
2026/01/27 12:50:43.760 => CRadarProtocolDevice::GetParameter: CMDID(0x0008) failed with:A004
2026/01/27 12:50:43.760 => ReadSetting_RadarOperatorConfig, result: Failed.
2026/01/27 12:50:46.455 => Start Realtime data show.
2026/01/27 12:50:46.455 => thread create success, thread handle=0x00000714, id=4256, name=ReadData
2026/01/27 12:50:46.455 => thread information, name=ReadData, tid=4256(0x000010a0)
2026/01/27 12:50:46.471 => protocol version = 0, send_recv buffer size = 64
2026/01/27 12:50:46.646 => protocol version = 0, send_recv buffer size = 64
2026/01/27 12:50:48.707 => prepare exit thread..., name=ReadData, tid=4256(0x000010a0)
2026/01/27 12:50:50.713 => protocol version = 0, send_recv buffer size = 64
2026/01/27 12:50:50.888 => protocol version = 0, send_recv buffer size = 64
2026/01/27 12:50:50.920 => thread exit, name=ReadData, tid=4256(0x000010a0)
2026/01/27 12:50:50.921 => thread exit over, name=ReadData, tid=4256(0x000010a0)
2026/01/27 12:50:50.928 => Stop Realtime data show.
2026/01/27 12:50:50.930 => Start Realtime data show.
2026/01/27 12:50:50.932 => thread create success, thread handle=0x00000718, id=3024, name=ReadData
2026/01/27 12:50:50.932 => thread information, name=ReadData, tid=3024(0x00000bd0)
2026/01/27 12:50:50.951 => protocol version = 0, send_recv buffer size = 64
2026/01/27 12:50:51.127 => protocol version = 0, send_recv buffer size = 64
2026/01/27 12:50:57.509 => prepare exit thread..., name=ReadData, tid=3024(0x00000bd0)
2026/01/27 12:50:59.160 => WriteOnePacket write 0 bytes, total need write 14, has write 0
2026/01/27 12:50:59.316 => WriteOnePacket write 0 bytes, total need write 14, has write 0
2026/01/27 12:50:59.316 => WriteOnePacket write 0 bytes, total need write 14, has write 0
2026/01/27 12:50:59.316 => WriteOnePacket write 0 bytes, total need write 14, has write 0
2026/01/27 12:50:59.316 => WriteOnePacket write 0 bytes, total need write 14, has write 0
2026/01/27 12:50:59.316 => WriteOnePacket write 0 bytes, total need write 18, has write 0
2026/01/27 12:50:59.316 => WriteOnePacket write 0 bytes, total need write 12, has write 0
2026/01/27 12:50:59.316 => thread exit, name=ReadData, tid=3024(0x00000bd0)
2026/01/27 12:50:59.316 => thread exit over, name=ReadData, tid=3024(0x00000bd0)
2026/01/27 12:50:59.320 => Stop Realtime data show.
2026/01/27 12:50:59.327 => Stop Noise scan.
2026/01/27 12:50:59.328 => WriteOnePacket write 0 bytes, total need write 14, has write 0
2026/01/27 12:50:59.483 => WriteOnePacket write 0 bytes, total need write 14, has write 0
2026/01/27 12:50:59.483 => WriteOnePacket write 0 bytes, total need write 14, has write 0
2026/01/27 12:50:59.483 => WriteOnePacket write 0 bytes, total need write 14, has write 0
2026/01/27 12:50:59.483 => WriteOnePacket write 0 bytes, total need write 14, has write 0
2026/01/27 12:50:59.483 => WriteOnePacket write 0 bytes, total need write 18, has write 0
2026/01/27 12:50:59.483 => WriteOnePacket write 0 bytes, total need write 12, has write 0
2026/01/27 12:50:59.483 => Cancel Read Data
2026/01/27 12:50:59.483 => CloseSerial: mSerialFile=0x000006ec
2026/01/27 12:51:00.481 => thread create success, thread handle=0x00000754, id=2024, name=Download
2026/01/27 12:51:00.481 => thread information, name=Download, tid=2024(0x000007e8)
2026/01/27 12:51:00.482 => CloseSerial: mSerialFile=0xffffffff
2026/01/27 12:51:00.482 => Prepare Open Serial: Com=\\.\COM7 BaudRate=115200
2026/01/27 12:51:00.493 => OpenSerial: Com=\\.\COM7 BaudRate=115200, Success=1, mSerialFile=0x00000758
2026/01/27 12:51:00.508 => protocol version = 0, send_recv buffer size = 64
2026/01/27 12:51:00.571 => protocol version = 0, send_recv buffer size = 64
2026/01/27 12:51:00.619 => Cancel Read Data
2026/01/27 12:51:00.619 => CloseSerial: mSerialFile=0x00000758
2026/01/27 12:51:00.736 => thread exit, name=Download, tid=2024(0x000007e8)
2026/01/27 12:51:05.510 => thread create success, thread handle=0x00000754, id=12476, name=Download
2026/01/27 12:51:05.510 => thread information, name=Download, tid=12476(0x000030bc)
2026/01/27 12:51:05.511 => CloseSerial: mSerialFile=0xffffffff
2026/01/27 12:51:05.511 => Prepare Open Serial: Com=\\.\COM7 BaudRate=115200
2026/01/27 12:51:05.518 => OpenSerial: Com=\\.\COM7 BaudRate=115200, Success=1, mSerialFile=0x00000758
2026/01/27 12:51:05.533 => CRadarProtocolDevice::SendCommand: CMDID(0x0072) failed with:0001
2026/01/27 12:51:05.535 => Cancel Read Data
2026/01/27 12:51:05.535 => CloseSerial: mSerialFile=0x00000758
2026/01/27 12:51:05.650 => thread exit, name=Download, tid=12476(0x000030bc)
2026/01/27 12:51:09.922 => CloseSerial: mSerialFile=0xffffffff
2026/01/27 12:51:09.922 => Prepare Open Serial: Com=\\.\COM7 BaudRate=115200
2026/01/27 12:51:09.936 => OpenSerial: Com=\\.\COM7 BaudRate=115200, Success=1, mSerialFile=0x00000760
2026/01/27 12:51:09.951 => protocol version = 0, send_recv buffer size = 64
2026/01/27 12:51:10.127 => protocol version = 0, send_recv buffer size = 64
2026/01/27 12:51:10.142 => ReadVersion Return: v1.772.258_0.0
2026/01/27 12:51:10.159 => CRadarProtocolDevice::ReadSerialNumber: CMDID(0x0011) failed with:0001
2026/01/27 12:51:10.175 => CRadarProtocolDevice::GetParameter: CMDID(0x0008) failed with:A004
2026/01/27 12:51:10.175 => ReadSetting_RadarOperatorConfig, result: Failed.
2026/01/27 12:51:13.816 => Start Realtime data show.
2026/01/27 12:51:13.816 => thread create success, thread handle=0x00000770, id=14140, name=ReadData
2026/01/27 12:51:13.816 => thread information, name=ReadData, tid=14140(0x0000373c)
2026/01/27 12:51:13.826 => protocol version = 0, send_recv buffer size = 64
2026/01/27 12:51:14.002 => protocol version = 0, send_recv buffer size = 64
2026/01/27 12:51:15.903 => prepare exit thread..., name=ReadData, tid=14140(0x0000373c)
2026/01/27 12:51:16.059 => protocol version = 0, send_recv buffer size = 64
2026/01/27 12:51:16.235 => protocol version = 0, send_recv buffer size = 64
2026/01/27 12:51:16.266 => thread exit, name=ReadData, tid=14140(0x0000373c)
2026/01/27 12:51:16.266 => thread exit over, name=ReadData, tid=14140(0x0000373c)
2026/01/27 12:51:16.268 => Stop Realtime data show.
2026/01/27 12:51:17.881 => Start Realtime data show.
2026/01/27 12:51:17.883 => thread create success, thread handle=0x000007bc, id=34720, name=ReadData
2026/01/27 12:51:17.884 => thread information, name=ReadData, tid=34720(0x000087a0)
2026/01/27 12:51:17.893 => protocol version = 0, send_recv buffer size = 64
2026/01/27 12:51:18.068 => protocol version = 0, send_recv buffer size = 64
2026/01/27 12:51:21.911 => prepare exit thread..., name=ReadData, tid=34720(0x000087a0)
2026/01/27 12:51:22.119 => protocol version = 0, send_recv buffer size = 64
2026/01/27 12:51:22.295 => protocol version = 0, send_recv buffer size = 64
2026/01/27 12:51:22.327 => thread exit, name=ReadData, tid=34720(0x000087a0)
2026/01/27 12:51:22.327 => thread exit over, name=ReadData, tid=34720(0x000087a0)
2026/01/27 12:51:22.333 => Stop Realtime data show.
2026/01/27 12:51:39.464 => Start Noise scan.
2026/01/27 12:51:39.466 => thread create success, thread handle=0x00000830, id=35668, name=ReadData
2026/01/27 12:51:39.466 => thread information, name=ReadData, tid=35668(0x00008b54)
2026/01/27 12:51:39.486 => protocol version = 0, send_recv buffer size = 64
2026/01/27 12:51:39.662 => protocol version = 0, send_recv buffer size = 64
2026/01/27 12:51:41.630 => prepare exit thread..., name=ReadData, tid=35668(0x00008b54)
2026/01/27 12:51:41.719 => protocol version = 0, send_recv buffer size = 64
2026/01/27 12:51:41.894 => protocol version = 0, send_recv buffer size = 64
2026/01/27 12:51:41.926 => thread exit, name=ReadData, tid=35668(0x00008b54)
2026/01/27 12:51:41.927 => thread exit over, name=ReadData, tid=35668(0x00008b54)
2026/01/27 12:51:41.935 => Stop Noise scan.
2026/01/27 12:51:41.937 => Stop Noise scan.
2026/01/27 12:51:54.625 => Stop Noise scan.
2026/01/27 12:51:54.636 => protocol version = 0, send_recv buffer size = 64
2026/01/27 12:51:54.812 => protocol version = 0, send_recv buffer size = 64
2026/01/27 12:51:54.844 => Cancel Read Data
2026/01/27 12:51:54.844 => CloseSerial: mSerialFile=0x00000760
2026/01/27 12:51:56.249 => thread create success, thread handle=0x00000754, id=5640, name=Download
2026/01/27 12:51:56.249 => thread information, name=Download, tid=5640(0x00001608)
2026/01/27 12:51:56.251 => CloseSerial: mSerialFile=0xffffffff
2026/01/27 12:51:56.251 => Prepare Open Serial: Com=\\.\COM7 BaudRate=115200
2026/01/27 12:51:56.265 => OpenSerial: Com=\\.\COM7 BaudRate=115200, Success=1, mSerialFile=0x00000768
2026/01/27 12:51:56.280 => CRadarProtocolDevice::SendCommand: CMDID(0x0072) failed with:0001
2026/01/27 12:51:56.281 => Cancel Read Data
2026/01/27 12:51:56.281 => CloseSerial: mSerialFile=0x00000768
2026/01/27 12:51:56.399 => thread exit, name=Download, tid=5640(0x00001608)
2026/01/27 12:51:57.488 => thread create success, thread handle=0x00000754, id=6308, name=Download
2026/01/27 12:51:57.488 => thread information, name=Download, tid=6308(0x000018a4)
2026/01/27 12:51:57.489 => CloseSerial: mSerialFile=0xffffffff
2026/01/27 12:51:57.489 => Prepare Open Serial: Com=\\.\COM7 BaudRate=115200
2026/01/27 12:51:57.492 => OpenSerial: Com=\\.\COM7 BaudRate=115200, Success=1, mSerialFile=0x00000af8
2026/01/27 12:51:57.506 => CRadarProtocolDevice::SendCommand: CMDID(0x0072) failed with:0001
2026/01/27 12:51:57.508 => Cancel Read Data
2026/01/27 12:51:57.508 => CloseSerial: mSerialFile=0x00000af8
2026/01/27 12:51:57.624 => thread exit, name=Download, tid=6308(0x000018a4)
2026/01/27 12:51:59.328 => thread create success, thread handle=0x00000754, id=23664, name=Download
2026/01/27 12:51:59.328 => thread information, name=Download, tid=23664(0x00005c70)
2026/01/27 12:51:59.330 => CloseSerial: mSerialFile=0xffffffff
2026/01/27 12:51:59.330 => Prepare Open Serial: Com=\\.\COM7 BaudRate=115200
2026/01/27 12:51:59.342 => OpenSerial: Com=\\.\COM7 BaudRate=115200, Success=1, mSerialFile=0x00000af8
2026/01/27 12:51:59.357 => protocol version = 0, send_recv buffer size = 64
2026/01/27 12:51:59.421 => protocol version = 0, send_recv buffer size = 64
2026/01/27 12:51:59.468 => Cancel Read Data
2026/01/27 12:51:59.468 => CloseSerial: mSerialFile=0x00000af8
2026/01/27 12:51:59.586 => thread exit, name=Download, tid=23664(0x00005c70)
2026/01/27 12:52:00.291 => thread create success, thread handle=0x00000754, id=10696, name=Download
2026/01/27 12:52:00.291 => thread information, name=Download, tid=10696(0x000029c8)
2026/01/27 12:52:00.293 => CloseSerial: mSerialFile=0xffffffff
2026/01/27 12:52:00.293 => Prepare Open Serial: Com=\\.\COM7 BaudRate=115200
2026/01/27 12:52:00.299 => OpenSerial: Com=\\.\COM7 BaudRate=115200, Success=1, mSerialFile=0x00000820
2026/01/27 12:52:00.314 => protocol version = 0, send_recv buffer size = 64
2026/01/27 12:52:00.377 => protocol version = 0, send_recv buffer size = 64
2026/01/27 12:52:00.425 => Cancel Read Data
2026/01/27 12:52:00.425 => CloseSerial: mSerialFile=0x00000820
2026/01/27 12:52:00.543 => thread exit, name=Download, tid=10696(0x000029c8)
2026/01/27 12:52:02.888 => Stop Realtime data show.
2026/01/27 12:52:33.175 => CloseSerial: mSerialFile=0xffffffff
2026/01/27 12:52:33.175 => Prepare Open Serial: Com=\\.\COM7 BaudRate=115200
2026/01/27 12:52:33.188 => OpenSerial: Com=\\.\COM7 BaudRate=115200, Success=1, mSerialFile=0x000009fc
2026/01/27 12:52:33.203 => protocol version = 0, send_recv buffer size = 64
2026/01/27 12:52:33.379 => protocol version = 0, send_recv buffer size = 64
2026/01/27 12:52:33.394 => ReadVersion Return: v1.772.258_0.0
2026/01/27 12:52:33.410 => CRadarProtocolDevice::ReadSerialNumber: CMDID(0x0011) failed with:0001
2026/01/27 12:52:33.442 => CRadarProtocolDevice::GetParameter: CMDID(0x0008) failed with:A004
2026/01/27 12:52:33.442 => ReadSetting_RadarOperatorConfig, result: Failed.
2026/01/27 12:52:38.871 => Stop Realtime data show.
2026/01/27 12:52:40.276 => Start Realtime data show.
2026/01/27 12:52:40.276 => thread create success, thread handle=0x000007c0, id=21400, name=ReadData
2026/01/27 12:52:40.276 => thread information, name=ReadData, tid=21400(0x00005398)
2026/01/27 12:52:40.282 => protocol version = 0, send_recv buffer size = 64
2026/01/27 12:52:40.458 => protocol version = 0, send_recv buffer size = 64
2026/01/27 12:52:41.092 => prepare exit thread..., name=ReadData, tid=21400(0x00005398)
2026/01/27 12:52:42.515 => protocol version = 0, send_recv buffer size = 64
2026/01/27 12:52:42.690 => protocol version = 0, send_recv buffer size = 64
2026/01/27 12:52:42.722 => thread exit, name=ReadData, tid=21400(0x00005398)
2026/01/27 12:52:42.723 => thread exit over, name=ReadData, tid=21400(0x00005398)
2026/01/27 12:52:42.730 => Stop Realtime data show.
2026/01/27 12:52:43.822 => protocol version = 0, send_recv buffer size = 64
2026/01/27 12:52:43.998 => protocol version = 0, send_recv buffer size = 64
2026/01/27 12:52:44.014 => CRadarProtocolDevice::GetParameter: CMDID(0x0008) failed with:A004
2026/01/27 12:52:44.014 => ReadSetting_RadarOperatorConfig, result: Failed.
2026/01/27 12:52:47.871 => Start Realtime data show.
2026/01/27 12:52:47.872 => thread create success, thread handle=0x000008ac, id=3752, name=ReadData
2026/01/27 12:52:47.872 => thread information, name=ReadData, tid=3752(0x00000ea8)
2026/01/27 12:52:47.888 => protocol version = 0, send_recv buffer size = 64
2026/01/27 12:52:48.063 => protocol version = 0, send_recv buffer size = 64
2026/01/27 12:52:49.147 => prepare exit thread..., name=ReadData, tid=3752(0x00000ea8)
2026/01/27 12:52:50.121 => protocol version = 0, send_recv buffer size = 64
2026/01/27 12:52:50.296 => protocol version = 0, send_recv buffer size = 64
2026/01/27 12:52:50.328 => thread exit, name=ReadData, tid=3752(0x00000ea8)
2026/01/27 12:52:50.328 => thread exit over, name=ReadData, tid=3752(0x00000ea8)
2026/01/27 12:52:50.330 => Stop Realtime data show.
2026/01/27 12:52:51.671 => Stop Realtime data show.
2026/01/27 12:52:51.672 => Stop Noise scan.
2026/01/27 12:52:51.672 => Stop Noise scan.
2026/01/27 12:52:51.684 => protocol version = 0, send_recv buffer size = 64
2026/01/27 12:52:51.859 => protocol version = 0, send_recv buffer size = 64
2026/01/27 12:52:51.890 => Cancel Read Data
2026/01/27 12:52:51.890 => CloseSerial: mSerialFile=0x000009fc
2026/01/27 12:52:52.007 => Cancel Read Data
2026/01/27 12:52:52.007 => CloseSerial: mSerialFile=0xffffffff
2026/01/27 12:52:52.007 => CloseSerial: mSerialFile=0xffffffff
